// Jest Snapshot v1, https://goo.gl/fbAQLP

exports[`InstrumentCaseReportTable renders a table row for the instrument case status 1`] = `
<table
  class="table"
  data-testid="case-report-table"
  id="case-report-table"
>
  <thead
    class="table__head"
  >
    <tr
      class="table__row"
    >
      <th
        class="table__header"
        scope="col"
      >
        Questionnaire
      </th>
      <th
        class="table__header"
        scope="col"
      >
        Cases
      </th>
      <th
        class="table__header"
        scope="col"
      >
        Completed
      </th>
      <th
        class="table__header"
        scope="col"
      >
        Progress
      </th>
    </tr>
  </thead>
  <tbody
    class="table__body"
  >
    <tr
      class="table__row"
      data-testid="instrument-table-row"
    >
      <td
        class="table__cell"
        data-testid="instrument-case-report-questionnaire-LMS2101_CC1"
      >
        LMS2101_CC1
      </td>
      <td
        class="table__cell"
        data-testid="instrument-case-report-total-LMS2101_CC1"
      >
        7
      </td>
      <td
        class="table__cell"
        data-testid="instrument-case-report-complete-LMS2101_CC1"
      >
        5
         (
        71.43
        %)
      </td>
      <td
        class="table__cell"
        data-testid="instrument-case-report-complete-percentage-LMS2101_CC1"
      >
        <progress
          aria-valuemax="100"
          aria-valuemin="0"
          aria-valuenow="71.43"
          id="file"
          max="100"
          role="progressbar"
          value="71.43"
        >
          71.43
          %
        </progress>
      </td>
    </tr>
    <tr
      class="table__row"
      data-testid="instrument-table-row"
    >
      <td
        class="table__cell"
        data-testid="instrument-case-report-questionnaire-OPN2101A"
      >
        OPN2101A
      </td>
      <td
        class="table__cell"
        data-testid="instrument-case-report-total-OPN2101A"
      >
        7
      </td>
      <td
        class="table__cell"
        data-testid="instrument-case-report-complete-OPN2101A"
      >
        5
         (
        71.43
        %)
      </td>
      <td
        class="table__cell"
        data-testid="instrument-case-report-complete-percentage-OPN2101A"
      >
        <progress
          aria-valuemax="100"
          aria-valuemin="0"
          aria-valuenow="71.43"
          id="file"
          max="100"
          role="progressbar"
          value="71.43"
        >
          71.43
          %
        </progress>
      </td>
    </tr>
    <tr
      class="table__row"
      data-testid="instrument-table-row"
    >
      <td
        class="table__cell"
        data-testid="instrument-case-report-questionnaire-OPN2007T"
      >
        OPN2007T
      </td>
      <td
        class="table__cell"
        data-testid="instrument-case-report-total-OPN2007T"
      >
        7
      </td>
      <td
        class="table__cell"
        data-testid="instrument-case-report-complete-OPN2007T"
      >
        5
         (
        71.43
        %)
      </td>
      <td
        class="table__cell"
        data-testid="instrument-case-report-complete-percentage-OPN2007T"
      >
        <progress
          aria-valuemax="100"
          aria-valuemin="0"
          aria-valuenow="71.43"
          id="file"
          max="100"
          role="progressbar"
          value="71.43"
        >
          71.43
          %
        </progress>
      </td>
    </tr>
  </tbody>
</table>
`;
